// Jest Snapshot v1, https://goo.gl/fbAQLP

exports[`ProductsList renders a snapshot properly 1`] = `
<div>
  <table
    className="table is-narrow is-striped is-fullwidth is-hoverable"
  >
    <thead>
      <tr>
        <th>
          Nombre
        </th>
        <th>
          Cantidad
        </th>
        <th>
          Serie
        </th>
        <th>
          Modelo
        </th>
        <th>
          Marca
        </th>
      </tr>
    </thead>
    <tbody>
      <tr>
        <td>
          Sansung
        </td>
        <td>
          12
        </td>
        <td>
          MK3526
        </td>
        <td>
          S4
        </td>
        <td>
          xiomi
        </td>
      </tr>
      <tr>
        <td>
          ipone
        </td>
        <td>
          12
        </td>
        <td>
          JJ3526
        </td>
        <td>
          M5
        </td>
        <td>
          apple
        </td>
      </tr>
    </tbody>
  </table>
</div>
`;
